// Jest Snapshot v1, https://goo.gl/fbAQLP

exports[`search should render properly 1`] = `
<div
  className="full-height"
>
  <div
    className="icon-container"
  >
    <img
      alt="search icon"
      className="search-icon"
      src="test-file-stub"
    />
  </div>
  <div
    className="searchbox-container"
  >
    <Route
      render={[Function]}
    />
  </div>
</div>
`;
