// Jest Snapshot v1, https://goo.gl/fbAQLP

exports[`price should render properly with data 1`] = `
<Styled(div)>
  <Styled(div)>
    <Styled(sup)>
      $
    </Styled(sup)>
    221.19
  </Styled(div)>
  <Styled(div)
    className="css-1dt5uw9"
  >
    0.000
     | 
    0.000
    <sup>
      %
    </sup>
  </Styled(div)>
</Styled(div)>
`;

exports[`price should render properly with no data 1`] = `""`;
