// Jest Snapshot v1, https://goo.gl/fbAQLP

exports[`app component app component should render properly 1`] = `
<ThemeProvider
  theme={
    Object {
      "backgroundColorBottom": "#16233B",
      "backgroundColorTop": "#1E355E",
      "headerColor": "#72a2e9",
      "marketFooterBottom": "#002050",
      "marketFooterTop": "#01255c",
      "textColor": "white",
    }
  }
>
  <div>
    <Styled(div)>
      <div
        className="flexbox-container"
      >
        <div>
          <Styled(img)
            alt="Adaptive Logo"
            src="test-file-stub"
          />
          <Styled(button)
            onClick={[Function]}
          >
            Change Theme
          </Styled(button)>
        </div>
      </div>
      <div
        className="flexbox-container searchbar-container"
      >
        <div
          className="searchbar"
        >
          <Connect(Search) />
        </div>
        <div
          className="price-information"
        >
          <Connect(Price) />
        </div>
      </div>
      <hr />
      <div
        className="flexbox-container"
      >
        <Connect(StockInfo) />
      </div>
      <div
        className="Grid Grid--gutters Grid--1of3"
      >
        <div
          className="Grid-cell main"
        >
          <div>
            <Connect(Component) />
          </div>
        </div>
        <div
          className="Grid-cell"
        >
          <div>
            <Connect(News) />
          </div>
        </div>
      </div>
      <div
        className="Grid Grid--gutters Grid--1of3"
      >
        <div
          className="Grid-cell main"
        >
          <Connect(KeyStats) />
        </div>
        <div
          className="Grid-cell"
        >
          <div>
            <Connect(Overview) />
            <Connect(TopPeers) />
          </div>
        </div>
      </div>
    </Styled(div)>
    <footer
      className="footer"
    >
      <Connect(MarketFooter) />
    </footer>
  </div>
</ThemeProvider>
`;
