// Jest Snapshot v1, https://goo.gl/fbAQLP

exports[`app component app component should render properly 1`] = `
<div>
  <div
    className="flexbox-container"
  >
    <Connect(StockInfo) />
  </div>
  <div
    className="Grid Grid--gutters Grid--1of3"
  >
    <div
      className="Grid-cell main"
    >
      <div>
        <Connect(Component) />
      </div>
    </div>
    <div
      className="Grid-cell"
    >
      <div>
        <Connect(News) />
      </div>
    </div>
  </div>
  <div
    className="Grid Grid--gutters Grid--1of3"
  >
    <div
      className="Grid-cell main"
    >
      <Connect(KeyStats) />
    </div>
    <div
      className="Grid-cell"
    >
      <div>
        <Connect(Overview) />
        <Connect(TopPeers) />
      </div>
    </div>
  </div>
  <footer
    className="footer"
  >
    <Connect(MarketFooter) />
  </footer>
</div>
`;
