// Jest Snapshot v1, https://goo.gl/fbAQLP

exports[`chart component chart filter component should render properly 1`] = `
<Styled(div)>
  <button
    onClick={[Function]}
    value="1d"
  >
    1d
  </button>
  <button
    onClick={[Function]}
    value="1m"
  >
    1m
  </button>
  <button
    onClick={[Function]}
    value="6m"
  >
    6m
  </button>
  <button
    onClick={[Function]}
    value="1y"
  >
    1y
  </button>
  <button
    onClick={[Function]}
    value="5y"
  >
    5y
  </button>
</Styled(div)>
`;
