// Jest Snapshot v1, https://goo.gl/fbAQLP

exports[`keyStats component keyStats component should render properly 1`] = `
ShallowWrapper {
  Symbol(enzyme.__root__): [Circular],
  Symbol(enzyme.__unrendered__): <div>
    <div
      className="keystats"
    >
      <Unknown
        title="KEY STATS"
      />
      <div
        className="keystats-row"
      >
        <div
          className="keystats-column"
        >
          <ul
            className="keystats-list"
          >
            <li>
              <p>
                Previous Close
              </p>
               
              <h5>
                221.19
              </h5>
            </li>
            <li>
              <p>
                Day Range
              </p>
               
              <h5>
                219.34
                -
                222.64
              </h5>
            </li>
            <li>
              <p>
                Volume
              </p>
               
              <h5>
                22688651
              </h5>
            </li>
          </ul>
        </div>
        <div
          className="keystats-column"
        >
          <ul
            className="keystats-list"
          >
            <li>
              <p>
                Open 
              </p>
               
              <h5>
                222.15
              </h5>
            </li>
            <li>
              <p>
                52 Week Range
              </p>
               
              <h5>
                150.24
                -
                233.47
              </h5>
            </li>
            <li>
              <p>
                 Total Avg. Volume
              </p>
               
              <h5>
                34502868
              </h5>
            </li>
          </ul>
        </div>
      </div>
    </div>
  </div>,
  Symbol(enzyme.__renderer__): Object {
    "batchedUpdates": [Function],
    "getNode": [Function],
    "render": [Function],
    "simulateError": [Function],
    "simulateEvent": [Function],
    "unmount": [Function],
  },
  Symbol(enzyme.__node__): Object {
    "instance": null,
    "key": undefined,
    "nodeType": "host",
    "props": Object {
      "children": <div
        className="keystats"
      >
        <Unknown
          title="KEY STATS"
        />
        <div
          className="keystats-row"
        >
          <div
            className="keystats-column"
          >
            <ul
              className="keystats-list"
            >
              <li>
                <p>
                  Previous Close
                </p>
                 
                <h5>
                  221.19
                </h5>
              </li>
              <li>
                <p>
                  Day Range
                </p>
                 
                <h5>
                  219.34
                  -
                  222.64
                </h5>
              </li>
              <li>
                <p>
                  Volume
                </p>
                 
                <h5>
                  22688651
                </h5>
              </li>
            </ul>
          </div>
          <div
            className="keystats-column"
          >
            <ul
              className="keystats-list"
            >
              <li>
                <p>
                  Open 
                </p>
                 
                <h5>
                  222.15
                </h5>
              </li>
              <li>
                <p>
                  52 Week Range
                </p>
                 
                <h5>
                  150.24
                  -
                  233.47
                </h5>
              </li>
              <li>
                <p>
                   Total Avg. Volume
                </p>
                 
                <h5>
                  34502868
                </h5>
              </li>
            </ul>
          </div>
        </div>
      </div>,
    },
    "ref": null,
    "rendered": Object {
      "instance": null,
      "key": undefined,
      "nodeType": "host",
      "props": Object {
        "children": Array [
          <Unknown
            title="KEY STATS"
          />,
          <div
            className="keystats-row"
          >
            <div
              className="keystats-column"
            >
              <ul
                className="keystats-list"
              >
                <li>
                  <p>
                    Previous Close
                  </p>
                   
                  <h5>
                    221.19
                  </h5>
                </li>
                <li>
                  <p>
                    Day Range
                  </p>
                   
                  <h5>
                    219.34
                    -
                    222.64
                  </h5>
                </li>
                <li>
                  <p>
                    Volume
                  </p>
                   
                  <h5>
                    22688651
                  </h5>
                </li>
              </ul>
            </div>
            <div
              className="keystats-column"
            >
              <ul
                className="keystats-list"
              >
                <li>
                  <p>
                    Open 
                  </p>
                   
                  <h5>
                    222.15
                  </h5>
                </li>
                <li>
                  <p>
                    52 Week Range
                  </p>
                   
                  <h5>
                    150.24
                    -
                    233.47
                  </h5>
                </li>
                <li>
                  <p>
                     Total Avg. Volume
                  </p>
                   
                  <h5>
                    34502868
                  </h5>
                </li>
              </ul>
            </div>
          </div>,
        ],
        "className": "keystats",
      },
      "ref": null,
      "rendered": Array [
        Object {
          "instance": null,
          "key": undefined,
          "nodeType": "function",
          "props": Object {
            "title": "KEY STATS",
          },
          "ref": null,
          "rendered": null,
          "type": [Function],
        },
        Object {
          "instance": null,
          "key": undefined,
          "nodeType": "host",
          "props": Object {
            "children": Array [
              <div
                className="keystats-column"
              >
                <ul
                  className="keystats-list"
                >
                  <li>
                    <p>
                      Previous Close
                    </p>
                     
                    <h5>
                      221.19
                    </h5>
                  </li>
                  <li>
                    <p>
                      Day Range
                    </p>
                     
                    <h5>
                      219.34
                      -
                      222.64
                    </h5>
                  </li>
                  <li>
                    <p>
                      Volume
                    </p>
                     
                    <h5>
                      22688651
                    </h5>
                  </li>
                </ul>
              </div>,
              <div
                className="keystats-column"
              >
                <ul
                  className="keystats-list"
                >
                  <li>
                    <p>
                      Open 
                    </p>
                     
                    <h5>
                      222.15
                    </h5>
                  </li>
                  <li>
                    <p>
                      52 Week Range
                    </p>
                     
                    <h5>
                      150.24
                      -
                      233.47
                    </h5>
                  </li>
                  <li>
                    <p>
                       Total Avg. Volume
                    </p>
                     
                    <h5>
                      34502868
                    </h5>
                  </li>
                </ul>
              </div>,
            ],
            "className": "keystats-row",
          },
          "ref": null,
          "rendered": Array [
            Object {
              "instance": null,
              "key": undefined,
              "nodeType": "host",
              "props": Object {
                "children": <ul
                  className="keystats-list"
                >
                  <li>
                    <p>
                      Previous Close
                    </p>
                     
                    <h5>
                      221.19
                    </h5>
                  </li>
                  <li>
                    <p>
                      Day Range
                    </p>
                     
                    <h5>
                      219.34
                      -
                      222.64
                    </h5>
                  </li>
                  <li>
                    <p>
                      Volume
                    </p>
                     
                    <h5>
                      22688651
                    </h5>
                  </li>
                </ul>,
                "className": "keystats-column",
              },
              "ref": null,
              "rendered": Object {
                "instance": null,
                "key": undefined,
                "nodeType": "host",
                "props": Object {
                  "children": Array [
                    <li>
                      <p>
                        Previous Close
                      </p>
                       
                      <h5>
                        221.19
                      </h5>
                    </li>,
                    <li>
                      <p>
                        Day Range
                      </p>
                       
                      <h5>
                        219.34
                        -
                        222.64
                      </h5>
                    </li>,
                    <li>
                      <p>
                        Volume
                      </p>
                       
                      <h5>
                        22688651
                      </h5>
                    </li>,
                  ],
                  "className": "keystats-list",
                },
                "ref": null,
                "rendered": Array [
                  Object {
                    "instance": null,
                    "key": undefined,
                    "nodeType": "host",
                    "props": Object {
                      "children": Array [
                        <p>
                          Previous Close
                        </p>,
                        " ",
                        <h5>
                          221.19
                        </h5>,
                      ],
                    },
                    "ref": null,
                    "rendered": Array [
                      Object {
                        "instance": null,
                        "key": undefined,
                        "nodeType": "host",
                        "props": Object {
                          "children": "Previous Close",
                        },
                        "ref": null,
                        "rendered": "Previous Close",
                        "type": "p",
                      },
                      " ",
                      Object {
                        "instance": null,
                        "key": undefined,
                        "nodeType": "host",
                        "props": Object {
                          "children": 221.19,
                        },
                        "ref": null,
                        "rendered": 221.19,
                        "type": "h5",
                      },
                    ],
                    "type": "li",
                  },
                  Object {
                    "instance": null,
                    "key": undefined,
                    "nodeType": "host",
                    "props": Object {
                      "children": Array [
                        <p>
                          Day Range
                        </p>,
                        " ",
                        <h5>
                          219.34
                          -
                          222.64
                        </h5>,
                      ],
                    },
                    "ref": null,
                    "rendered": Array [
                      Object {
                        "instance": null,
                        "key": undefined,
                        "nodeType": "host",
                        "props": Object {
                          "children": "Day Range",
                        },
                        "ref": null,
                        "rendered": "Day Range",
                        "type": "p",
                      },
                      " ",
                      Object {
                        "instance": null,
                        "key": undefined,
                        "nodeType": "host",
                        "props": Object {
                          "children": Array [
                            219.34,
                            "-",
                            222.64,
                          ],
                        },
                        "ref": null,
                        "rendered": Array [
                          219.34,
                          "-",
                          222.64,
                        ],
                        "type": "h5",
                      },
                    ],
                    "type": "li",
                  },
                  Object {
                    "instance": null,
                    "key": undefined,
                    "nodeType": "host",
                    "props": Object {
                      "children": Array [
                        <p>
                          Volume
                        </p>,
                        " ",
                        <h5>
                          22688651
                        </h5>,
                      ],
                    },
                    "ref": null,
                    "rendered": Array [
                      Object {
                        "instance": null,
                        "key": undefined,
                        "nodeType": "host",
                        "props": Object {
                          "children": "Volume",
                        },
                        "ref": null,
                        "rendered": "Volume",
                        "type": "p",
                      },
                      " ",
                      Object {
                        "instance": null,
                        "key": undefined,
                        "nodeType": "host",
                        "props": Object {
                          "children": 22688651,
                        },
                        "ref": null,
                        "rendered": 22688651,
                        "type": "h5",
                      },
                    ],
                    "type": "li",
                  },
                ],
                "type": "ul",
              },
              "type": "div",
            },
            Object {
              "instance": null,
              "key": undefined,
              "nodeType": "host",
              "props": Object {
                "children": <ul
                  className="keystats-list"
                >
                  <li>
                    <p>
                      Open 
                    </p>
                     
                    <h5>
                      222.15
                    </h5>
                  </li>
                  <li>
                    <p>
                      52 Week Range
                    </p>
                     
                    <h5>
                      150.24
                      -
                      233.47
                    </h5>
                  </li>
                  <li>
                    <p>
                       Total Avg. Volume
                    </p>
                     
                    <h5>
                      34502868
                    </h5>
                  </li>
                </ul>,
                "className": "keystats-column",
              },
              "ref": null,
              "rendered": Object {
                "instance": null,
                "key": undefined,
                "nodeType": "host",
                "props": Object {
                  "children": Array [
                    <li>
                      <p>
                        Open 
                      </p>
                       
                      <h5>
                        222.15
                      </h5>
                    </li>,
                    <li>
                      <p>
                        52 Week Range
                      </p>
                       
                      <h5>
                        150.24
                        -
                        233.47
                      </h5>
                    </li>,
                    <li>
                      <p>
                         Total Avg. Volume
                      </p>
                       
                      <h5>
                        34502868
                      </h5>
                    </li>,
                  ],
                  "className": "keystats-list",
                },
                "ref": null,
                "rendered": Array [
                  Object {
                    "instance": null,
                    "key": undefined,
                    "nodeType": "host",
                    "props": Object {
                      "children": Array [
                        <p>
                          Open 
                        </p>,
                        " ",
                        <h5>
                          222.15
                        </h5>,
                      ],
                    },
                    "ref": null,
                    "rendered": Array [
                      Object {
                        "instance": null,
                        "key": undefined,
                        "nodeType": "host",
                        "props": Object {
                          "children": "Open ",
                        },
                        "ref": null,
                        "rendered": "Open ",
                        "type": "p",
                      },
                      " ",
                      Object {
                        "instance": null,
                        "key": undefined,
                        "nodeType": "host",
                        "props": Object {
                          "children": 222.15,
                        },
                        "ref": null,
                        "rendered": 222.15,
                        "type": "h5",
                      },
                    ],
                    "type": "li",
                  },
                  Object {
                    "instance": null,
                    "key": undefined,
                    "nodeType": "host",
                    "props": Object {
                      "children": Array [
                        <p>
                          52 Week Range
                        </p>,
                        " ",
                        <h5>
                          150.24
                          -
                          233.47
                        </h5>,
                      ],
                    },
                    "ref": null,
                    "rendered": Array [
                      Object {
                        "instance": null,
                        "key": undefined,
                        "nodeType": "host",
                        "props": Object {
                          "children": "52 Week Range",
                        },
                        "ref": null,
                        "rendered": "52 Week Range",
                        "type": "p",
                      },
                      " ",
                      Object {
                        "instance": null,
                        "key": undefined,
                        "nodeType": "host",
                        "props": Object {
                          "children": Array [
                            150.24,
                            "-",
                            233.47,
                          ],
                        },
                        "ref": null,
                        "rendered": Array [
                          150.24,
                          "-",
                          233.47,
                        ],
                        "type": "h5",
                      },
                    ],
                    "type": "li",
                  },
                  Object {
                    "instance": null,
                    "key": undefined,
                    "nodeType": "host",
                    "props": Object {
                      "children": Array [
                        <p>
                           Total Avg. Volume
                        </p>,
                        " ",
                        <h5>
                          34502868
                        </h5>,
                      ],
                    },
                    "ref": null,
                    "rendered": Array [
                      Object {
                        "instance": null,
                        "key": undefined,
                        "nodeType": "host",
                        "props": Object {
                          "children": " Total Avg. Volume",
                        },
                        "ref": null,
                        "rendered": " Total Avg. Volume",
                        "type": "p",
                      },
                      " ",
                      Object {
                        "instance": null,
                        "key": undefined,
                        "nodeType": "host",
                        "props": Object {
                          "children": 34502868,
                        },
                        "ref": null,
                        "rendered": 34502868,
                        "type": "h5",
                      },
                    ],
                    "type": "li",
                  },
                ],
                "type": "ul",
              },
              "type": "div",
            },
          ],
          "type": "div",
        },
      ],
      "type": "div",
    },
    "type": "div",
  },
  Symbol(enzyme.__nodes__): Array [
    Object {
      "instance": null,
      "key": undefined,
      "nodeType": "host",
      "props": Object {
        "children": <div
          className="keystats"
        >
          <Unknown
            title="KEY STATS"
          />
          <div
            className="keystats-row"
          >
            <div
              className="keystats-column"
            >
              <ul
                className="keystats-list"
              >
                <li>
                  <p>
                    Previous Close
                  </p>
                   
                  <h5>
                    221.19
                  </h5>
                </li>
                <li>
                  <p>
                    Day Range
                  </p>
                   
                  <h5>
                    219.34
                    -
                    222.64
                  </h5>
                </li>
                <li>
                  <p>
                    Volume
                  </p>
                   
                  <h5>
                    22688651
                  </h5>
                </li>
              </ul>
            </div>
            <div
              className="keystats-column"
            >
              <ul
                className="keystats-list"
              >
                <li>
                  <p>
                    Open 
                  </p>
                   
                  <h5>
                    222.15
                  </h5>
                </li>
                <li>
                  <p>
                    52 Week Range
                  </p>
                   
                  <h5>
                    150.24
                    -
                    233.47
                  </h5>
                </li>
                <li>
                  <p>
                     Total Avg. Volume
                  </p>
                   
                  <h5>
                    34502868
                  </h5>
                </li>
              </ul>
            </div>
          </div>
        </div>,
      },
      "ref": null,
      "rendered": Object {
        "instance": null,
        "key": undefined,
        "nodeType": "host",
        "props": Object {
          "children": Array [
            <Unknown
              title="KEY STATS"
            />,
            <div
              className="keystats-row"
            >
              <div
                className="keystats-column"
              >
                <ul
                  className="keystats-list"
                >
                  <li>
                    <p>
                      Previous Close
                    </p>
                     
                    <h5>
                      221.19
                    </h5>
                  </li>
                  <li>
                    <p>
                      Day Range
                    </p>
                     
                    <h5>
                      219.34
                      -
                      222.64
                    </h5>
                  </li>
                  <li>
                    <p>
                      Volume
                    </p>
                     
                    <h5>
                      22688651
                    </h5>
                  </li>
                </ul>
              </div>
              <div
                className="keystats-column"
              >
                <ul
                  className="keystats-list"
                >
                  <li>
                    <p>
                      Open 
                    </p>
                     
                    <h5>
                      222.15
                    </h5>
                  </li>
                  <li>
                    <p>
                      52 Week Range
                    </p>
                     
                    <h5>
                      150.24
                      -
                      233.47
                    </h5>
                  </li>
                  <li>
                    <p>
                       Total Avg. Volume
                    </p>
                     
                    <h5>
                      34502868
                    </h5>
                  </li>
                </ul>
              </div>
            </div>,
          ],
          "className": "keystats",
        },
        "ref": null,
        "rendered": Array [
          Object {
            "instance": null,
            "key": undefined,
            "nodeType": "function",
            "props": Object {
              "title": "KEY STATS",
            },
            "ref": null,
            "rendered": null,
            "type": [Function],
          },
          Object {
            "instance": null,
            "key": undefined,
            "nodeType": "host",
            "props": Object {
              "children": Array [
                <div
                  className="keystats-column"
                >
                  <ul
                    className="keystats-list"
                  >
                    <li>
                      <p>
                        Previous Close
                      </p>
                       
                      <h5>
                        221.19
                      </h5>
                    </li>
                    <li>
                      <p>
                        Day Range
                      </p>
                       
                      <h5>
                        219.34
                        -
                        222.64
                      </h5>
                    </li>
                    <li>
                      <p>
                        Volume
                      </p>
                       
                      <h5>
                        22688651
                      </h5>
                    </li>
                  </ul>
                </div>,
                <div
                  className="keystats-column"
                >
                  <ul
                    className="keystats-list"
                  >
                    <li>
                      <p>
                        Open 
                      </p>
                       
                      <h5>
                        222.15
                      </h5>
                    </li>
                    <li>
                      <p>
                        52 Week Range
                      </p>
                       
                      <h5>
                        150.24
                        -
                        233.47
                      </h5>
                    </li>
                    <li>
                      <p>
                         Total Avg. Volume
                      </p>
                       
                      <h5>
                        34502868
                      </h5>
                    </li>
                  </ul>
                </div>,
              ],
              "className": "keystats-row",
            },
            "ref": null,
            "rendered": Array [
              Object {
                "instance": null,
                "key": undefined,
                "nodeType": "host",
                "props": Object {
                  "children": <ul
                    className="keystats-list"
                  >
                    <li>
                      <p>
                        Previous Close
                      </p>
                       
                      <h5>
                        221.19
                      </h5>
                    </li>
                    <li>
                      <p>
                        Day Range
                      </p>
                       
                      <h5>
                        219.34
                        -
                        222.64
                      </h5>
                    </li>
                    <li>
                      <p>
                        Volume
                      </p>
                       
                      <h5>
                        22688651
                      </h5>
                    </li>
                  </ul>,
                  "className": "keystats-column",
                },
                "ref": null,
                "rendered": Object {
                  "instance": null,
                  "key": undefined,
                  "nodeType": "host",
                  "props": Object {
                    "children": Array [
                      <li>
                        <p>
                          Previous Close
                        </p>
                         
                        <h5>
                          221.19
                        </h5>
                      </li>,
                      <li>
                        <p>
                          Day Range
                        </p>
                         
                        <h5>
                          219.34
                          -
                          222.64
                        </h5>
                      </li>,
                      <li>
                        <p>
                          Volume
                        </p>
                         
                        <h5>
                          22688651
                        </h5>
                      </li>,
                    ],
                    "className": "keystats-list",
                  },
                  "ref": null,
                  "rendered": Array [
                    Object {
                      "instance": null,
                      "key": undefined,
                      "nodeType": "host",
                      "props": Object {
                        "children": Array [
                          <p>
                            Previous Close
                          </p>,
                          " ",
                          <h5>
                            221.19
                          </h5>,
                        ],
                      },
                      "ref": null,
                      "rendered": Array [
                        Object {
                          "instance": null,
                          "key": undefined,
                          "nodeType": "host",
                          "props": Object {
                            "children": "Previous Close",
                          },
                          "ref": null,
                          "rendered": "Previous Close",
                          "type": "p",
                        },
                        " ",
                        Object {
                          "instance": null,
                          "key": undefined,
                          "nodeType": "host",
                          "props": Object {
                            "children": 221.19,
                          },
                          "ref": null,
                          "rendered": 221.19,
                          "type": "h5",
                        },
                      ],
                      "type": "li",
                    },
                    Object {
                      "instance": null,
                      "key": undefined,
                      "nodeType": "host",
                      "props": Object {
                        "children": Array [
                          <p>
                            Day Range
                          </p>,
                          " ",
                          <h5>
                            219.34
                            -
                            222.64
                          </h5>,
                        ],
                      },
                      "ref": null,
                      "rendered": Array [
                        Object {
                          "instance": null,
                          "key": undefined,
                          "nodeType": "host",
                          "props": Object {
                            "children": "Day Range",
                          },
                          "ref": null,
                          "rendered": "Day Range",
                          "type": "p",
                        },
                        " ",
                        Object {
                          "instance": null,
                          "key": undefined,
                          "nodeType": "host",
                          "props": Object {
                            "children": Array [
                              219.34,
                              "-",
                              222.64,
                            ],
                          },
                          "ref": null,
                          "rendered": Array [
                            219.34,
                            "-",
                            222.64,
                          ],
                          "type": "h5",
                        },
                      ],
                      "type": "li",
                    },
                    Object {
                      "instance": null,
                      "key": undefined,
                      "nodeType": "host",
                      "props": Object {
                        "children": Array [
                          <p>
                            Volume
                          </p>,
                          " ",
                          <h5>
                            22688651
                          </h5>,
                        ],
                      },
                      "ref": null,
                      "rendered": Array [
                        Object {
                          "instance": null,
                          "key": undefined,
                          "nodeType": "host",
                          "props": Object {
                            "children": "Volume",
                          },
                          "ref": null,
                          "rendered": "Volume",
                          "type": "p",
                        },
                        " ",
                        Object {
                          "instance": null,
                          "key": undefined,
                          "nodeType": "host",
                          "props": Object {
                            "children": 22688651,
                          },
                          "ref": null,
                          "rendered": 22688651,
                          "type": "h5",
                        },
                      ],
                      "type": "li",
                    },
                  ],
                  "type": "ul",
                },
                "type": "div",
              },
              Object {
                "instance": null,
                "key": undefined,
                "nodeType": "host",
                "props": Object {
                  "children": <ul
                    className="keystats-list"
                  >
                    <li>
                      <p>
                        Open 
                      </p>
                       
                      <h5>
                        222.15
                      </h5>
                    </li>
                    <li>
                      <p>
                        52 Week Range
                      </p>
                       
                      <h5>
                        150.24
                        -
                        233.47
                      </h5>
                    </li>
                    <li>
                      <p>
                         Total Avg. Volume
                      </p>
                       
                      <h5>
                        34502868
                      </h5>
                    </li>
                  </ul>,
                  "className": "keystats-column",
                },
                "ref": null,
                "rendered": Object {
                  "instance": null,
                  "key": undefined,
                  "nodeType": "host",
                  "props": Object {
                    "children": Array [
                      <li>
                        <p>
                          Open 
                        </p>
                         
                        <h5>
                          222.15
                        </h5>
                      </li>,
                      <li>
                        <p>
                          52 Week Range
                        </p>
                         
                        <h5>
                          150.24
                          -
                          233.47
                        </h5>
                      </li>,
                      <li>
                        <p>
                           Total Avg. Volume
                        </p>
                         
                        <h5>
                          34502868
                        </h5>
                      </li>,
                    ],
                    "className": "keystats-list",
                  },
                  "ref": null,
                  "rendered": Array [
                    Object {
                      "instance": null,
                      "key": undefined,
                      "nodeType": "host",
                      "props": Object {
                        "children": Array [
                          <p>
                            Open 
                          </p>,
                          " ",
                          <h5>
                            222.15
                          </h5>,
                        ],
                      },
                      "ref": null,
                      "rendered": Array [
                        Object {
                          "instance": null,
                          "key": undefined,
                          "nodeType": "host",
                          "props": Object {
                            "children": "Open ",
                          },
                          "ref": null,
                          "rendered": "Open ",
                          "type": "p",
                        },
                        " ",
                        Object {
                          "instance": null,
                          "key": undefined,
                          "nodeType": "host",
                          "props": Object {
                            "children": 222.15,
                          },
                          "ref": null,
                          "rendered": 222.15,
                          "type": "h5",
                        },
                      ],
                      "type": "li",
                    },
                    Object {
                      "instance": null,
                      "key": undefined,
                      "nodeType": "host",
                      "props": Object {
                        "children": Array [
                          <p>
                            52 Week Range
                          </p>,
                          " ",
                          <h5>
                            150.24
                            -
                            233.47
                          </h5>,
                        ],
                      },
                      "ref": null,
                      "rendered": Array [
                        Object {
                          "instance": null,
                          "key": undefined,
                          "nodeType": "host",
                          "props": Object {
                            "children": "52 Week Range",
                          },
                          "ref": null,
                          "rendered": "52 Week Range",
                          "type": "p",
                        },
                        " ",
                        Object {
                          "instance": null,
                          "key": undefined,
                          "nodeType": "host",
                          "props": Object {
                            "children": Array [
                              150.24,
                              "-",
                              233.47,
                            ],
                          },
                          "ref": null,
                          "rendered": Array [
                            150.24,
                            "-",
                            233.47,
                          ],
                          "type": "h5",
                        },
                      ],
                      "type": "li",
                    },
                    Object {
                      "instance": null,
                      "key": undefined,
                      "nodeType": "host",
                      "props": Object {
                        "children": Array [
                          <p>
                             Total Avg. Volume
                          </p>,
                          " ",
                          <h5>
                            34502868
                          </h5>,
                        ],
                      },
                      "ref": null,
                      "rendered": Array [
                        Object {
                          "instance": null,
                          "key": undefined,
                          "nodeType": "host",
                          "props": Object {
                            "children": " Total Avg. Volume",
                          },
                          "ref": null,
                          "rendered": " Total Avg. Volume",
                          "type": "p",
                        },
                        " ",
                        Object {
                          "instance": null,
                          "key": undefined,
                          "nodeType": "host",
                          "props": Object {
                            "children": 34502868,
                          },
                          "ref": null,
                          "rendered": 34502868,
                          "type": "h5",
                        },
                      ],
                      "type": "li",
                    },
                  ],
                  "type": "ul",
                },
                "type": "div",
              },
            ],
            "type": "div",
          },
        ],
        "type": "div",
      },
      "type": "div",
    },
  ],
  Symbol(enzyme.__options__): Object {
    "adapter": ReactSixteenAdapter {
      "options": Object {
        "enableComponentDidUpdateOnSetState": true,
        "lifecycles": Object {
          "componentDidUpdate": Object {
            "onSetState": true,
          },
          "getDerivedStateFromProps": true,
          "getSnapshotBeforeUpdate": true,
          "setState": Object {
            "skipsComponentDidUpdateOnNullish": true,
          },
        },
      },
    },
  },
}
`;
